1. 카테고리 최상위 메뉴
   mysql> select \* from menus;
   +----+--------+
   | id | name |
   +----+--------+
   | 1 | 상의 |
   +----+--------+
   1 row in set (0.00 sec)

2. 최상위 메뉴 아래 카테고리
   mysql> select \* from categories;
   +----+--------+---------+
   | id | name | menu_id |
   +----+--------+---------+
   | 1 | 후드 | 1 |
   +----+--------+---------+
   1 row in set (0.00 sec)

3. 소분류 카테고리 (카테고리 인기메뉴 데이터)
   mysql> select \* from subcategories;
   +----+---------------+-------------+
   | id | name | category_id |
   +----+---------------+-------------+
   | 1 | 기모 후드 | 1 |
   +----+---------------+-------------+
   1 row in set (0.00 sec)

4. 브랜드 분류
   mysql> select \* from brands;
   +----+-----------+------------------+
   | id | name | delivery_fee_cap |
   +----+-----------+------------------+
   | 1 | 나이키 | 30000.000 |
   +----+-----------+-----------------+
   1 row in set (0.00 sec)

5. 상품 상세페이지 상단 데이터
   mysql> select \* from products;
   +----+----------------------------------------------------+-----------+---------------+-------------+----------+----------------+
   | id | name | price | discount_rate | is_for_sale | brand_id(이름으로 대체 예정) | subcategory_id |
   +----+----------------------------------------------------+-----------+---------------+-------------+----------+----------------+
   | 1 | 나이키 긴팔 기모 후드 위코드 에디션 | 15000.000 | 0.50 | 1 | 1 | 1 |
   +----+----------------------------------------------------+-----------+---------------+-------------+----------+----------------+
   1 row in set (0.00 sec)

6. 상품이미지 : is_main =1(한장만 있음), 썸네일에 사용함 / product_id(is_main = 0 + is_main) =1, 상세페이지에 전체 이미지 노출(여러장)
   mysql> mysql> select \* from product_image_urls;
   +----+------------------------+---------+------------+
   | id | image_url | is_main | product_id |
   +----+------------------------+---------+------------+
   | 1 | 그냥이미지url1번 | 0 | 1 |
   | 2 | 그냥이미지url2번 | 1 | 1 |
   +----+------------------------+---------+------------+
   2 rows in set (0.00 sec)

7. 옵션 : 컬러/사이즈 전부 선택해야함 (`count`가 1보다 클 경우, display on / 1보다 작을경우(옵션이 없을 경우), display off)
   mysql> select \* from colors;
   +----+-----------+-------------+
   | id | name | is_for_sale |
   +----+-----------+-------------+
   | 1 | 검정색 | 1 |
   | 2 | 흰색 | 1 |
   +----+-----------+-------------+
   2 rows in set (0.00 sec)

8. 7번 참고
   mysql> select \* from sizes;
   +----+------+-------------+
   | id | name | is_for_sale |
   +----+------+-------------+
   | 1 | S | 1 |
   | 2 | M | 1 |
   | 3 | L | 1 |
   +----+------+-------------+
   3 rows in set (0.00 sec)

mysql> select _ from color_sizes;
ERROR 1146 (42S02): Table 'style_we.color_sizes' doesn't exist
mysql> select _ from colors_sizes;
+----+------------------+----------+------------+---------+
| id | additional_price | color_id | product_id | size_id |
+----+------------------+----------+------------+---------+
| 1 | 0.000 | 1 | 1 | 1 |
| 2 | 1000.000 | 2 | 1 | 1 |
| 3 | 0.000 | 2 | 1 | 2 |
| 4 | 0.000 | 1 | 1 | 2 |
+----+------------------+----------+------------+---------+
4 rows in set (0.00 sec)-
